Downloading table 80590ned ...
Filters:
$Perioden
$x
[1] "MM"

$column
NULL

$cmd
[1] "substringof"

$size
[1] 1

attr(,"class")
[1] "query"

$Geslacht
[1] "T001038"

$Leeftijd
[1] "52052   "

http://opendata.cbs.nl/ODataFeed/odata/80590ned/TypedDataSet?$format=json&$filter=(substringof('MM',%20Perioden))%20and%20(Geslacht%20eq%20'T001038')%20and%20(Leeftijd%20eq%20'52052%20%20%20')&$select=ID,Geslacht,Leeftijd,Perioden,Seizoengecorrigeerd_2
