Downloading table 80590ned ...
Filters:
$Geslacht
[1] "T001038"

$Leeftijd
[1] "52052   "

http://opendata.cbs.nl/ODataFeed/odata/80590ned/TypedDataSet?$format=json&$filter=(Geslacht%20eq%20'T001038')%20and%20(Leeftijd%20eq%20'52052%20%20%20')
