Downloading table 80590ned ...
Filters:
$Perioden
 [1] "2019MM01" "2019MM02" "2019MM03" "2019MM04" "2019MM05" "2019MM06"
 [7] "2019MM07" "2019MM08" "2019MM09" "2019MM10" "2019MM11" "2019MM12"
[13] "2019JJ00" "2020MM01" "2020MM02" "2020MM03" "2020MM04" "2020MM05"
[19] "2020MM06" "2020MM07" "2020MM08" "2020MM09" "2020MM10" "2020MM11"
[25] "2020MM12" "2020JJ00" "2021MM01" "2021MM02" "2021MM03" "2021MM04"
[31] "2021MM05" "2021MM06" "2021MM07" "2021MM08" "2021MM09" "2021MM10"
[37] "2021MM11" "2021MM12" "2021JJ00" "2022MM01" "2022MM02" "2022MM03"
[43] "2022MM04" "2022MM05" "2022MM06" "2022MM07" "2022MM08" "2022MM09"
[49] "2022MM10" "2022MM11" "2022MM12" "2022JJ00" "2023MM01" "2023MM02"

$Geslacht
[1] "T001038"

$Leeftijd
[1] "52052   "

$select
[1] "ID"                    "Geslacht"              "Leeftijd"             
[4] "Perioden"              "Seizoengecorrigeerd_2"


http://opendata.cbs.nl/ODataFeed/odata/80590ned/TypedDataSet?$format=json&$filter=(Perioden%20eq%20'2019MM01'%20or%20Perioden%20eq%20'2019MM02'%20or%20Perioden%20eq%20'2019MM03'%20or%20Perioden%20eq%20'2019MM04'%20or%20Perioden%20eq%20'2019MM05'%20or%20Perioden%20eq%20'2019MM06'%20or%20Perioden%20eq%20'2019MM07'%20or%20Perioden%20eq%20'2019MM08'%20or%20Perioden%20eq%20'2019MM09'%20or%20Perioden%20eq%20'2019MM10'%20or%20Perioden%20eq%20'2019MM11'%20or%20Perioden%20eq%20'2019MM12'%20or%20Perioden%20eq%20'2019JJ00'%20or%20Perioden%20eq%20'2020MM01'%20or%20Perioden%20eq%20'2020MM02'%20or%20Perioden%20eq%20'2020MM03'%20or%20Perioden%20eq%20'2020MM04'%20or%20Perioden%20eq%20'2020MM05'%20or%20Perioden%20eq%20'2020MM06'%20or%20Perioden%20eq%20'2020MM07'%20or%20Perioden%20eq%20'2020MM08'%20or%20Perioden%20eq%20'2020MM09'%20or%20Perioden%20eq%20'2020MM10'%20or%20Perioden%20eq%20'2020MM11'%20or%20Perioden%20eq%20'2020MM12'%20or%20Perioden%20eq%20'2020JJ00'%20or%20Perioden%20eq%20'2021MM01'%20or%20Perioden%20eq%20'2021MM02'%20or%20Perioden%20eq%20'2021MM03'%20or%20Perioden%20eq%20'2021MM04'%20or%20Perioden%20eq%20'2021MM05'%20or%20Perioden%20eq%20'2021MM06'%20or%20Perioden%20eq%20'2021MM07'%20or%20Perioden%20eq%20'2021MM08'%20or%20Perioden%20eq%20'2021MM09'%20or%20Perioden%20eq%20'2021MM10'%20or%20Perioden%20eq%20'2021MM11'%20or%20Perioden%20eq%20'2021MM12'%20or%20Perioden%20eq%20'2021JJ00'%20or%20Perioden%20eq%20'2022MM01'%20or%20Perioden%20eq%20'2022MM02'%20or%20Perioden%20eq%20'2022MM03'%20or%20Perioden%20eq%20'2022MM04'%20or%20Perioden%20eq%20'2022MM05'%20or%20Perioden%20eq%20'2022MM06'%20or%20Perioden%20eq%20'2022MM07'%20or%20Perioden%20eq%20'2022MM08'%20or%20Perioden%20eq%20'2022MM09'%20or%20Perioden%20eq%20'2022MM10'%20or%20Perioden%20eq%20'2022MM11'%20or%20Perioden%20eq%20'2022MM12'%20or%20Perioden%20eq%20'2022JJ00'%20or%20Perioden%20eq%20'2023MM01'%20or%20Perioden%20eq%20'2023MM02')%20and%20(Geslacht%20eq%20'T001038')%20and%20(Leeftijd%20eq%20'52052%20%20%20')&$select=ID,Geslacht,Leeftijd,Perioden,Seizoengecorrigeerd_2
